C51 COMPILER V9.54   IO                                                                    02/08/2019 22:58:54 PAGE 1   


C51 COMPILER V9.54, COMPILATION OF MODULE IO
OBJECT MODULE PLACED IN .\Objects\io.obj
COMPILER INVOKED BY: C:\keil_v5\C51\BIN\C51.EXE ..\..\lib.c\io.c OPTIMIZE(8,SPEED) BROWSE INCDIR(..\user_h;..\..\lib.h) 
                    -DEBUG OBJECTEXTEND PRINT(.\Listings\io.lst) TABS(2) OBJECT(.\Objects\io.obj)

line level    source

   1          #include"STC15.h"
   2          #include"io.h"
   3          #include"mt8880.h"
   4          #include"delay.h"
   5          
   6          void io_init(void)
   7          {
   8   1        P2M0 = 0x00;
   9   1        P2M1 = 0x00;
  10   1      
  11   1        P0M0 = 0x14;
  12   1        P0M1 = 0x10;
  13   1      
  14   1        P3M0 = 0x00;
  15   1        P3M1 = 0x00;
  16   1        
  17   1        P4M0 = 0x00;
  18   1        P4M1 = 0x00;
  19   1        
  20   1        P1M0 = 0x40;
  21   1        P1M1 = 0xa0;
  22   1      }
  23          
  24          


MODULE INFORMATION:   STATIC OVERLAYABLE
   CODE SIZE        =     26    ----
   CONSTANT SIZE    =   ----    ----
   XDATA SIZE       =   ----    ----
   PDATA SIZE       =   ----    ----
   DATA SIZE        =   ----    ----
   IDATA SIZE       =   ----    ----
   BIT SIZE         =   ----    ----
END OF MODULE INFORMATION.


C51 COMPILATION COMPLETE.  0 WARNING(S),  0 ERROR(S)
