C51 COMPILER V9.54   SORT                                                                  02/08/2019 22:49:37 PAGE 1   


C51 COMPILER V9.54, COMPILATION OF MODULE SORT
OBJECT MODULE PLACED IN .\Objects\sort.obj
COMPILER INVOKED BY: C:\keil_v5\C51\BIN\C51.EXE ..\..\lib.c\sort.c OPTIMIZE(8,SPEED) BROWSE INCDIR(..\user_h;..\..\lib.h
                    -) DEBUG OBJECTEXTEND PRINT(.\Listings\sort.lst) TABS(2) OBJECT(.\Objects\sort.obj)

line level    source

   1          #include"sort.h"
   2          #include"stc15.h"
   3          
   4          void insert_sort(int *a,int length)
   5          {
   6   1        int j,key,i;
   7   1      
   8   1        for(j = 1; j < length; ++j)
   9   1          {
  10   2            key = a[j];
  11   2            for(i = j - 1 ; i >= 0; --i)
  12   2              {
  13   3                if(a[i] < key)
  14   3                  {
  15   4                    break;
  16   4                  }
  17   3                a[i+1] = a[i];
  18   3              }
  19   2            a[i+1] = key;
  20   2          }
  21   1      
  22   1      
  23   1      }


MODULE INFORMATION:   STATIC OVERLAYABLE
   CODE SIZE        =    188    ----
   CONSTANT SIZE    =   ----    ----
   XDATA SIZE       =   ----    ----
   PDATA SIZE       =   ----    ----
   DATA SIZE        =   ----       8
   IDATA SIZE       =   ----    ----
   BIT SIZE         =   ----    ----
END OF MODULE INFORMATION.


C51 COMPILATION COMPLETE.  0 WARNING(S),  0 ERROR(S)
